{
    "-profile test": {
        "content": [
            90,
            {
                "CALCULATE_CLUSTER_DISTRIBUTION": {
                    "sed": 4.7
                },
                "CHUNK_CLUSTERS": {
                    "biopython": 1.85,
                    "python": "3.13.1"
                },
                "CLIPKIT": {
                    "clipkit": "2.11.4"
                },
                "EXTRACT_FAMILY_MEMBERS": {
                    "python": "3.13.1"
                },
                "EXTRACT_FAMILY_REPS": {
                    "python": "3.13.1"
                },
                "FAMSA_ALIGN": {
                    "famsa": "2.4.1-45c9b2b"
                },
                "FILTER_NON_REDUNDANT_FASTA": {
                    "python": "3.13.1"
                },
                "FILTER_NON_REDUNDANT_FULL_MSA": {
                    "python": "3.13.1"
                },
                "FILTER_NON_REDUNDANT_HMM": {
                    "python": "3.13.1"
                },
                "FILTER_NON_REDUNDANT_SEED_MSA": {
                    "python": "3.13.1"
                },
                "FILTER_RECRUITED": {
                    "biopython": 1.85,
                    "python": "3.13.1"
                },
                "FIND_CONCATENATE_HMMS": {
                    "coreutils": 9.4,
                    "find": "4.6.0",
                    "pigz": 2.8
                },
                "FIND_CONCATENATE_HMM_LIBRARY": {
                    "coreutils": 9.4,
                    "find": "4.6.0",
                    "pigz": 2.8
                },
                "FIND_CONCATENATE_SKIP_IDS": {
                    "coreutils": 9.4,
                    "find": "4.6.0",
                    "pigz": 2.8
                },
                "HMMER_HMMALIGN": {
                    "hmmer": 3.4
                },
                "HMMER_HMMBUILD": {
                    "hmmer": 3.4
                },
                "HMMER_HMMSEARCH": {
                    "hmmer": 3.4
                },
                "IDENTIFY_REDUNDANT_FAMS": {
                    "pandas": "2.3.0",
                    "python": "3.13.1"
                },
                "MMSEQS_CREATEDB": {
                    "mmseqs": "18.8cc5c"
                },
                "MMSEQS_CREATETSV": {
                    "mmseqs": "18.8cc5c"
                },
                "MMSEQS_LINCLUST": {
                    "mmseqs": "18.8cc5c"
                },
                "REMOVE_REDUNDANT_SEQS": {
                    "biopython": 1.85,
                    "python": "3.13.1"
                },
                "SEQFU_STATS_AFTER": {
                    "seqfu": "1.22.3"
                },
                "SEQFU_STATS_BEFORE": {
                    "seqfu": "1.22.3"
                },
                "SEQKIT_REPLACE": {
                    "seqkit": "2.13.0"
                },
                "SEQKIT_RMDUP": {
                    "seqkit": "2.13.0"
                },
                "SEQKIT_SEQ": {
                    "seqkit": "2.13.0"
                },
                "Workflow": {
                    "nf-core/proteinfamilies": "v2.6.0dev"
                }
            },
            [
                "family_reps",
                "family_reps/mgnifams_test",
                "family_reps/mgnifams_test/mgnifams_test.tsv",
                "family_reps/mgnifams_test/mgnifams_test_meta_mqc.csv",
                "family_reps/mgnifams_test/mgnifams_test_reps.faa",
                "fasta",
                "fasta/non_redundant_sequences_filtered",
                "fasta/non_redundant_sequences_filtered/mgnifams_test",
                "fasta/non_redundant_sequences_filtered/mgnifams_test/mgnifams_test_1.faa",
                "fasta/non_redundant_sequences_filtered/mgnifams_test/mgnifams_test_2.faa",
                "fasta/non_redundant_sequences_filtered/mgnifams_test/mgnifams_test_3.faa",
                "fasta/non_redundant_sequences_filtered/mgnifams_test/mgnifams_test_5.faa",
                "fasta/non_redundant_sequences_filtered/mgnifams_test/mgnifams_test_7.faa",
                "full_msa",
                "full_msa/filtered",
                "full_msa/filtered/famsa_align",
                "full_msa/filtered/famsa_align/mgnifams_test",
                "full_msa/filtered/famsa_align/mgnifams_test/mgnifams_test_1.aln",
                "full_msa/filtered/famsa_align/mgnifams_test/mgnifams_test_2.aln",
                "full_msa/filtered/famsa_align/mgnifams_test/mgnifams_test_3.aln",
                "full_msa/filtered/famsa_align/mgnifams_test/mgnifams_test_5.aln",
                "full_msa/filtered/famsa_align/mgnifams_test/mgnifams_test_7.aln",
                "full_msa/raw",
                "full_msa/raw/hmmer_hmmalign",
                "full_msa/raw/hmmer_hmmalign/mgnifams_test",
                "full_msa/raw/hmmer_hmmalign/mgnifams_test/mgnifams_test_1.sto.gz",
                "full_msa/raw/hmmer_hmmalign/mgnifams_test/mgnifams_test_2.sto.gz",
                "full_msa/raw/hmmer_hmmalign/mgnifams_test/mgnifams_test_3.sto.gz",
                "full_msa/raw/hmmer_hmmalign/mgnifams_test/mgnifams_test_4.sto.gz",
                "full_msa/raw/hmmer_hmmalign/mgnifams_test/mgnifams_test_5.sto.gz",
                "full_msa/raw/hmmer_hmmalign/mgnifams_test/mgnifams_test_6.sto.gz",
                "full_msa/raw/hmmer_hmmalign/mgnifams_test/mgnifams_test_7.sto.gz",
                "hmm",
                "hmm/filtered",
                "hmm/filtered/mgnifams_test",
                "hmm/filtered/mgnifams_test/mgnifams_test_1.hmm.gz",
                "hmm/filtered/mgnifams_test/mgnifams_test_2.hmm.gz",
                "hmm/filtered/mgnifams_test/mgnifams_test_3.hmm.gz",
                "hmm/filtered/mgnifams_test/mgnifams_test_5.hmm.gz",
                "hmm/filtered/mgnifams_test/mgnifams_test_7.hmm.gz",
                "hmm/library",
                "hmm/library/mgnifams_test.lib.gz",
                "hmm/raw",
                "hmm/raw/hmmer_hmmbuild",
                "hmm/raw/hmmer_hmmbuild/mgnifams_test",
                "hmm/raw/hmmer_hmmbuild/mgnifams_test/mgnifams_test_1.hmm.gz",
                "hmm/raw/hmmer_hmmbuild/mgnifams_test/mgnifams_test_2.hmm.gz",
                "hmm/raw/hmmer_hmmbuild/mgnifams_test/mgnifams_test_3.hmm.gz",
                "hmm/raw/hmmer_hmmbuild/mgnifams_test/mgnifams_test_4.hmm.gz",
                "hmm/raw/hmmer_hmmbuild/mgnifams_test/mgnifams_test_5.hmm.gz",
                "hmm/raw/hmmer_hmmbuild/mgnifams_test/mgnifams_test_6.hmm.gz",
                "hmm/raw/hmmer_hmmbuild/mgnifams_test/mgnifams_test_7.hmm.gz",
                "mmseqs",
                "mmseqs/initial_clustering",
                "mmseqs/initial_clustering/mgnifams_test_clustering_distribution_mqc.csv",
                "mmseqs/initial_clustering/mmseqs_createtsv",
                "mmseqs/initial_clustering/mmseqs_createtsv/mgnifams_test.tsv",
                "mmseqs/redundancy_clustering",
                "mmseqs/redundancy_clustering/mmseqs_createtsv",
                "mmseqs/redundancy_clustering/mmseqs_createtsv/mgnifams_test",
                "mmseqs/redundancy_clustering/mmseqs_createtsv/mgnifams_test/mgnifams_test_1.tsv",
                "mmseqs/redundancy_clustering/mmseqs_createtsv/mgnifams_test/mgnifams_test_2.tsv",
                "mmseqs/redundancy_clustering/mmseqs_createtsv/mgnifams_test/mgnifams_test_3.tsv",
                "mmseqs/redundancy_clustering/mmseqs_createtsv/mgnifams_test/mgnifams_test_5.tsv",
                "mmseqs/redundancy_clustering/mmseqs_createtsv/mgnifams_test/mgnifams_test_7.tsv",
                "multiqc",
                "multiqc/multiqc_data",
                "multiqc/multiqc_data/llms-full.txt",
                "multiqc/multiqc_data/multiqc.log",
                "multiqc/multiqc_data/multiqc.parquet",
                "multiqc/multiqc_data/multiqc_citations.txt",
                "multiqc/multiqc_data/multiqc_data.json",
                "multiqc/multiqc_data/multiqc_family_metadata.txt",
                "multiqc/multiqc_data/multiqc_mgnifams_test_after.txt",
                "multiqc/multiqc_data/multiqc_mgnifams_test_before.txt",
                "multiqc/multiqc_data/multiqc_mgnifams_test_cluster_distribution.txt",
                "multiqc/multiqc_data/multiqc_software_versions.txt",
                "multiqc/multiqc_data/multiqc_sources.txt",
                "multiqc/multiqc_plots",
                "multiqc/multiqc_plots/pdf",
                "multiqc/multiqc_plots/pdf/family_metadata.pdf",
                "multiqc/multiqc_plots/pdf/mgnifams_test_after.pdf",
                "multiqc/multiqc_plots/pdf/mgnifams_test_before.pdf",
                "multiqc/multiqc_plots/pdf/mgnifams_test_cluster_distribution.pdf",
                "multiqc/multiqc_plots/png",
                "multiqc/multiqc_plots/png/family_metadata.png",
                "multiqc/multiqc_plots/png/mgnifams_test_after.png",
                "multiqc/multiqc_plots/png/mgnifams_test_before.png",
                "multiqc/multiqc_plots/png/mgnifams_test_cluster_distribution.png",
                "multiqc/multiqc_plots/svg",
                "multiqc/multiqc_plots/svg/family_metadata.svg",
                "multiqc/multiqc_plots/svg/mgnifams_test_after.svg",
                "multiqc/multiqc_plots/svg/mgnifams_test_before.svg",
                "multiqc/multiqc_plots/svg/mgnifams_test_cluster_distribution.svg",
                "multiqc/multiqc_report.html",
                "pipeline_info",
                "pipeline_info/nf_core_proteinfamilies_software_mqc_versions.yml",
                "proteinannotator",
                "proteinannotator/mgnifams_test",
                "proteinannotator/mgnifams_test/mgnifams_test_reps.faa",
                "proteinannotator/samplesheet.csv",
                "proteinfold",
                "proteinfold/mgnifams_test",
                "proteinfold/mgnifams_test/mgnifams_test_reps.faa",
                "proteinfold/samplesheet.csv",
                "qc",
                "qc/mgnifams_test",
                "qc/mgnifams_test/mgnifams_test.fasta",
                "qc/mgnifams_test/mgnifams_test.log",
                "qc/mgnifams_test/mgnifams_test_after.tsv",
                "qc/mgnifams_test/mgnifams_test_after_mqc.txt",
                "qc/mgnifams_test/mgnifams_test_before.tsv",
                "qc/mgnifams_test/mgnifams_test_before_mqc.txt",
                "remove_redundancy",
                "remove_redundancy/mgnifams_test",
                "remove_redundancy/mgnifams_test/redundant_fam_ids.txt",
                "remove_redundancy/mgnifams_test/similar_fam_ids.txt",
                "seed_msa",
                "seed_msa/filtered",
                "seed_msa/filtered/mgnifams_test",
                "seed_msa/filtered/mgnifams_test/mgnifams_test_1.clipkit",
                "seed_msa/filtered/mgnifams_test/mgnifams_test_2.clipkit",
                "seed_msa/filtered/mgnifams_test/mgnifams_test_3.clipkit",
                "seed_msa/filtered/mgnifams_test/mgnifams_test_5.clipkit",
                "seed_msa/filtered/mgnifams_test/mgnifams_test_7.clipkit",
                "seed_msa/raw",
                "seed_msa/raw/clipkit",
                "seed_msa/raw/clipkit/mgnifams_test",
                "seed_msa/raw/clipkit/mgnifams_test/mgnifams_test_1.clipkit",
                "seed_msa/raw/clipkit/mgnifams_test/mgnifams_test_2.clipkit",
                "seed_msa/raw/clipkit/mgnifams_test/mgnifams_test_3.clipkit",
                "seed_msa/raw/clipkit/mgnifams_test/mgnifams_test_4.clipkit",
                "seed_msa/raw/clipkit/mgnifams_test/mgnifams_test_5.clipkit",
                "seed_msa/raw/clipkit/mgnifams_test/mgnifams_test_6.clipkit",
                "seed_msa/raw/clipkit/mgnifams_test/mgnifams_test_7.clipkit",
                "seed_msa/raw/famsa_align",
                "seed_msa/raw/famsa_align/mgnifams_test",
                "seed_msa/raw/famsa_align/mgnifams_test/mgnifams_test_1.aln",
                "seed_msa/raw/famsa_align/mgnifams_test/mgnifams_test_2.aln",
                "seed_msa/raw/famsa_align/mgnifams_test/mgnifams_test_3.aln",
                "seed_msa/raw/famsa_align/mgnifams_test/mgnifams_test_4.aln",
                "seed_msa/raw/famsa_align/mgnifams_test/mgnifams_test_5.aln",
                "seed_msa/raw/famsa_align/mgnifams_test/mgnifams_test_6.aln",
                "seed_msa/raw/famsa_align/mgnifams_test/mgnifams_test_7.aln"
            ],
            [
                "mgnifams_test.tsv:md5,84352ddab0a87d0761c2fc66214fa8b8",
                "mgnifams_test_meta_mqc.csv:md5,0c2546252b2d7da2e647a54f26180f38",
                "mgnifams_test_reps.faa:md5,b84c601b8533b9c457804ab3804c01fe",
                "mgnifams_test_1.faa:md5,185132debb362d959236b53dc72e0a28",
                "mgnifams_test_2.faa:md5,508aa98e5ad0870c7d22ab22f692bbfc",
                "mgnifams_test_3.faa:md5,a4153d46c4664f0baf3b2235b0514844",
                "mgnifams_test_5.faa:md5,02b1792ceb99d7178c2ae9f6523042a3",
                "mgnifams_test_7.faa:md5,22182a8394d6d390b613ff61942a876b",
                "mgnifams_test_1.aln:md5,a833ce486859fba9cbf20101e98bddc8",
                "mgnifams_test_2.aln:md5,531926ea1d7fcec34ffce39fb229e69f",
                "mgnifams_test_3.aln:md5,a28d7a1d9df23cccc82a02cc9f2dffe5",
                "mgnifams_test_5.aln:md5,da0a4e185cd980544969c7174ce9bf65",
                "mgnifams_test_7.aln:md5,32a700973a129710534b9697e628b87c",
                "mgnifams_test_1.sto.gz:md5,bc5444c9a4061c1f98a7d158b4818a58",
                "mgnifams_test_2.sto.gz:md5,ec1b7720ffdff90ea1d05f7fb0606683",
                "mgnifams_test_3.sto.gz:md5,93d4f5b7b89ead091ef68dedd70ca2f5",
                "mgnifams_test_4.sto.gz:md5,086418bf1a179830f2861b60d4f81ca2",
                "mgnifams_test_5.sto.gz:md5,dcbb5c71c347a5ff37270d8d1442e950",
                "mgnifams_test_6.sto.gz:md5,034bb006a4dc8a45e5d11111575355bf",
                "mgnifams_test_7.sto.gz:md5,e962e2d7e32fba8685d9670709a6835c",
                "multiqc_citations.txt:md5,4c806e63a283ec1b7e78cdae3a923d4f",
                "multiqc_mgnifams_test_after.txt:md5,908666b17d5a31b706ad82b71683ad33",
                "multiqc_mgnifams_test_before.txt:md5,7f975cad14f7dbd4769083e22cc05a83",
                "multiqc_mgnifams_test_cluster_distribution.txt:md5,9f310a12f74e4e64764f5831e5f8b02c",
                "mgnifams_test_reps.faa:md5,b84c601b8533b9c457804ab3804c01fe",
                "mgnifams_test_reps.faa:md5,b84c601b8533b9c457804ab3804c01fe",
                "mgnifams_test.log:md5,a41135cfe024baaf42f135583fe73f0d",
                "mgnifams_test_before.tsv:md5,eb88faa675b2d0c6a9ebbff1aecb33a3",
                "mgnifams_test_before_mqc.txt:md5,45de3e3c31c354347494309581b9ad2a",
                "redundant_fam_ids.txt:md5,731a5c6e1ad59766a37ef026001c11d1",
                "similar_fam_ids.txt:md5,d41d8cd98f00b204e9800998ecf8427e",
                "mgnifams_test_1.clipkit:md5,e7aac387b8280bf2d06404b5f3907184",
                "mgnifams_test_2.clipkit:md5,6a4c49600e62e7dbf943f035c29123f2",
                "mgnifams_test_3.clipkit:md5,c13a00d3d89341a62148cdd7c0277147",
                "mgnifams_test_5.clipkit:md5,7b23259e60b44f8fa8acc30df683c023",
                "mgnifams_test_7.clipkit:md5,413ff61004a63b1970611e74b1fcd062",
                "mgnifams_test_1.clipkit:md5,e7aac387b8280bf2d06404b5f3907184",
                "mgnifams_test_2.clipkit:md5,6a4c49600e62e7dbf943f035c29123f2",
                "mgnifams_test_3.clipkit:md5,c13a00d3d89341a62148cdd7c0277147",
                "mgnifams_test_4.clipkit:md5,6ee5a3f6817aefb3d04f3d66911ecf04",
                "mgnifams_test_5.clipkit:md5,7b23259e60b44f8fa8acc30df683c023",
                "mgnifams_test_6.clipkit:md5,ff8c1b08d57a1468cdad0a4eca1ca317",
                "mgnifams_test_7.clipkit:md5,413ff61004a63b1970611e74b1fcd062",
                "mgnifams_test_1.aln:md5,4e8c23d370e3637db7d1897c012014b9",
                "mgnifams_test_2.aln:md5,5d5939048bf81acab03d22345ad96d02",
                "mgnifams_test_3.aln:md5,83cd617eba871e7734bd3f8dfac6767c",
                "mgnifams_test_4.aln:md5,4c3673472b46006ec4aea0c341dea7a4",
                "mgnifams_test_5.aln:md5,f6e71b8537b6fde353301665d5a8ed51",
                "mgnifams_test_6.aln:md5,b010fce4736ab1a4f9060bba1a19eeb7",
                "mgnifams_test_7.aln:md5,dede6abd4794241858de7121372d5408"
            ]
        ],
        "timestamp": "2026-09-29T16:25:28.976471442",
        "meta": {
            "nf-test": "0.9.5",
            "nextflow": "26.04.6"
        }
    }
}