{
    "proteinfamilies - hmmsearch - fasta": {
        "content": [
            {
                "0": [
                    [
                        {
                            "id": "filtering"
                        },
                        "filtering_null.fasta.gz:md5,ccf5eb969a8751fe21a8fec277f30953"
                    ]
                ],
                "1": [
                    "versions.yml:md5,5e0f31b0b22786628a3de9b3eed436c9"
                ],
                "fasta": [
                    [
                        {
                            "id": "filtering"
                        },
                        "filtering_null.fasta.gz:md5,ccf5eb969a8751fe21a8fec277f30953"
                    ]
                ],
                "versions": [
                    "versions.yml:md5,5e0f31b0b22786628a3de9b3eed436c9"
                ]
            }
        ],
        "meta": {
            "nf-test": "0.9.2",
            "nextflow": "24.10.5"
        },
        "timestamp": "2025-03-26T12:45:05.857546"
    },
    "proteinfamilies - hmmsearch - fasta - stub": {
        "content": [
            {
                "0": [
                    [
                        {
                            "id": "filtering"
                        },
                        "filtering_null.fasta.gz:md5,ccf5eb969a8751fe21a8fec277f30953"
                    ]
                ],
                "1": [
                    "versions.yml:md5,5e0f31b0b22786628a3de9b3eed436c9"
                ],
                "fasta": [
                    [
                        {
                            "id": "filtering"
                        },
                        "filtering_null.fasta.gz:md5,ccf5eb969a8751fe21a8fec277f30953"
                    ]
                ],
                "versions": [
                    "versions.yml:md5,5e0f31b0b22786628a3de9b3eed436c9"
                ]
            }
        ],
        "meta": {
            "nf-test": "0.9.2",
            "nextflow": "24.10.5"
        },
        "timestamp": "2025-03-26T12:45:43.891092"
    }
}