{
    "proteinfamilies - tsv": {
        "content": [
            {
                "0": [
                    [
                        {
                            "id": "test_tsv"
                        },
                        [
                            "1.fasta:md5,1e2df405b1c1a72ffcdc0e0ad9fd0eb2",
                            "2.fasta:md5,827cb242c8815d26d14a299c86d5e433",
                            "3.fasta:md5,0f0ea82b49d901ed80592c418ea5d81c"
                        ]
                    ]
                ],
                "1": [
                    "versions.yml:md5,cd7400c6868edbd00e6533ee18a0fbd4"
                ],
                "fasta_chunks": [
                    [
                        {
                            "id": "test_tsv"
                        },
                        [
                            "1.fasta:md5,1e2df405b1c1a72ffcdc0e0ad9fd0eb2",
                            "2.fasta:md5,827cb242c8815d26d14a299c86d5e433",
                            "3.fasta:md5,0f0ea82b49d901ed80592c418ea5d81c"
                        ]
                    ]
                ],
                "versions": [
                    "versions.yml:md5,cd7400c6868edbd00e6533ee18a0fbd4"
                ]
            }
        ],
        "meta": {
            "nf-test": "0.9.2",
            "nextflow": "25.04.2"
        },
        "timestamp": "2025-05-15T12:12:22.020145504"
    },
    "proteinfamilies - tsv - stub": {
        "content": [
            {
                "0": [
                    [
                        {
                            "id": "test_tsv"
                        },
                        "1.fasta:md5,d41d8cd98f00b204e9800998ecf8427e"
                    ]
                ],
                "1": [
                    "versions.yml:md5,cd7400c6868edbd00e6533ee18a0fbd4"
                ],
                "fasta_chunks": [
                    [
                        {
                            "id": "test_tsv"
                        },
                        "1.fasta:md5,d41d8cd98f00b204e9800998ecf8427e"
                    ]
                ],
                "versions": [
                    "versions.yml:md5,cd7400c6868edbd00e6533ee18a0fbd4"
                ]
            }
        ],
        "meta": {
            "nf-test": "0.9.2",
            "nextflow": "25.04.2"
        },
        "timestamp": "2025-05-15T12:12:31.990011823"
    }
}