{
    "large pool - merged_id stays within filename length limit": {
        "content": [
            "test_90fams_cef0de0010.hmm.gz",
            true,
            true,
            [
                [
                    {
                        "id": "test",
                        "merged_id": "test_90fams_cef0de0010"
                    },
                    "test_90fams_cef0de0010.clipkit:md5,7c92708da123702944bbfec1341edd38"
                ]
            ],
            [
                [
                    {
                        "id": "test",
                        "merged_id": "test_90fams_cef0de0010"
                    },
                    "test_90fams_cef0de0010.sto.gz:md5,b432795e4a56a2284d2bce48066beb99"
                ]
            ],
            [
                [
                    {
                        "id": "test",
                        "merged_id": "test_90fams_cef0de0010"
                    },
                    "test_90fams_cef0de0010.fasta.gz:md5,f398708f15b7e8a5e28dcb7c4f653e40"
                ]
            ]
        ],
        "timestamp": "2026-07-15T17:03:36.38742161",
        "meta": {
            "nf-test": "0.9.5",
            "nextflow": "26.04.4"
        }
    },
    "multiple pools - each MERGE_SEEDS task stages only its pool's seeds": {
        "content": [
            [
                "test_1_2.hmm.gz",
                "test_3_5.hmm.gz"
            ],
            [
                [
                    {
                        "id": "test",
                        "merged_id": "test_1_2"
                    },
                    "test_1_2.clipkit:md5,68164d49d68520a7d7c42c24eb165c2d"
                ],
                [
                    {
                        "id": "test",
                        "merged_id": "test_3_5"
                    },
                    "test_3_5.clipkit:md5,4b5bc8534e3c76869d032e0d5a9b706a"
                ]
            ],
            [
                [
                    {
                        "id": "test",
                        "merged_id": "test_1_2"
                    },
                    "test_1_2.sto.gz:md5,e3f8714af2c2c9a2b18a8e142ff85a66"
                ],
                [
                    {
                        "id": "test",
                        "merged_id": "test_3_5"
                    },
                    "test_3_5.sto.gz:md5,fd5058c9f8c79e135a0dd372bc7cb422"
                ]
            ],
            [
                [
                    {
                        "id": "test",
                        "merged_id": "test_1_2"
                    },
                    "test_1_2.fasta.gz:md5,bc97ed94ff93c7dc09e3163f241e649e"
                ],
                [
                    {
                        "id": "test",
                        "merged_id": "test_3_5"
                    },
                    "test_3_5.fasta.gz:md5,3a7a0927b59800049ba84b30600820a2"
                ]
            ]
        ],
        "timestamp": "2026-09-30T08:10:25.875693737",
        "meta": {
            "nf-test": "0.9.5",
            "nextflow": "26.04.6"
        }
    },
    "two samples - each pool merges its own sample's seeds": {
        "content": [
            [
                "sampleA_1_2.hmm.gz",
                "sampleB_1_2.hmm.gz"
            ],
            [
                [
                    {
                        "id": "sampleA",
                        "merged_id": "sampleA_1_2"
                    },
                    "sampleA_1_2.clipkit:md5,58135adcf629c740747b2bd70bc113fe"
                ],
                [
                    {
                        "id": "sampleB",
                        "merged_id": "sampleB_1_2"
                    },
                    "sampleB_1_2.clipkit:md5,04af4488bfe6731bae0e1c54eb055974"
                ]
            ],
            [
                [
                    {
                        "id": "sampleA",
                        "merged_id": "sampleA_1_2"
                    },
                    "sampleA_1_2.sto.gz:md5,e3f8714af2c2c9a2b18a8e142ff85a66"
                ],
                [
                    {
                        "id": "sampleB",
                        "merged_id": "sampleB_1_2"
                    },
                    "sampleB_1_2.sto.gz:md5,e3f8714af2c2c9a2b18a8e142ff85a66"
                ]
            ],
            [
                [
                    {
                        "id": "sampleA",
                        "merged_id": "sampleA_1_2"
                    },
                    "sampleA_1_2.fasta.gz:md5,bc97ed94ff93c7dc09e3163f241e649e"
                ],
                [
                    {
                        "id": "sampleB",
                        "merged_id": "sampleB_1_2"
                    },
                    "sampleB_1_2.fasta.gz:md5,bc97ed94ff93c7dc09e3163f241e649e"
                ]
            ]
        ],
        "timestamp": "2026-08-11T08:53:30.911954406",
        "meta": {
            "nf-test": "0.9.5",
            "nextflow": "26.04.6"
        }
    },
    "fasta": {
        "content": [
            "test_1_2.hmm.gz",
            [
                [
                    {
                        "id": "test",
                        "merged_id": "test_1_2"
                    },
                    "test_1_2.clipkit:md5,28f6460dd199c925d44b37a838552aad"
                ]
            ],
            [
                [
                    {
                        "id": "test",
                        "merged_id": "test_1_2"
                    },
                    "test_1_2.sto.gz:md5,e3f8714af2c2c9a2b18a8e142ff85a66"
                ]
            ],
            [
                [
                    {
                        "id": "test",
                        "merged_id": "test_1_2"
                    },
                    "test_1_2.fasta.gz:md5,bc97ed94ff93c7dc09e3163f241e649e"
                ]
            ]
        ],
        "timestamp": "2026-06-08T16:37:02.31375634",
        "meta": {
            "nf-test": "0.9.5",
            "nextflow": "26.04.3"
        }
    }
}