{
    "proteinfamilies - stub": {
        "content": [
            {
                "0": [
                    [
                        {
                            "id": "test_tsv"
                        },
                        "test_tsv_reps.fa:md5,e06dfa1241372e7fe8aa9f8c20c8f8a9"
                    ]
                ],
                "1": [
                    "versions.yml:md5,f0134d1ac1c4b968f0a6be3b369979f6"
                ],
                "fasta": [
                    [
                        {
                            "id": "test_tsv"
                        },
                        "test_tsv_reps.fa:md5,e06dfa1241372e7fe8aa9f8c20c8f8a9"
                    ]
                ],
                "versions": [
                    "versions.yml:md5,f0134d1ac1c4b968f0a6be3b369979f6"
                ]
            }
        ],
        "meta": {
            "nf-test": "0.9.2",
            "nextflow": "24.10.5"
        },
        "timestamp": "2025-03-26T13:09:54.760022"
    },
    "proteinfamilies - tsv": {
        "content": [
            {
                "0": [
                    [
                        {
                            "id": "test_tsv"
                        },
                        "test_tsv_reps.fa:md5,e06dfa1241372e7fe8aa9f8c20c8f8a9"
                    ]
                ],
                "1": [
                    "versions.yml:md5,f0134d1ac1c4b968f0a6be3b369979f6"
                ],
                "fasta": [
                    [
                        {
                            "id": "test_tsv"
                        },
                        "test_tsv_reps.fa:md5,e06dfa1241372e7fe8aa9f8c20c8f8a9"
                    ]
                ],
                "versions": [
                    "versions.yml:md5,f0134d1ac1c4b968f0a6be3b369979f6"
                ]
            }
        ],
        "meta": {
            "nf-test": "0.9.2",
            "nextflow": "24.10.5"
        },
        "timestamp": "2025-03-26T13:16:58.033576"
    }
}