{
    "clusters tsv": {
        "content": [
            [
                [
                    {
                        "id": "test",
                        "chunk": "1_10"
                    },
                    "test_1_10.fas.gz:md5,38ffab4f6cb6806e1ebfa8033aa57dfa"
                ],
                [
                    {
                        "id": "test",
                        "chunk": "1_1"
                    },
                    "test_1_1.fas.gz:md5,45181c3d0182e3e35c9d6440f2427a45"
                ],
                [
                    {
                        "id": "test",
                        "chunk": "1_2"
                    },
                    "test_1_2.fas.gz:md5,f3a3125b271c472a050da64324486aba"
                ],
                [
                    {
                        "id": "test",
                        "chunk": "1_3"
                    },
                    "test_1_3.fas.gz:md5,464d9dea109821a13cce5bf23bb4ab34"
                ],
                [
                    {
                        "id": "test",
                        "chunk": "1_4"
                    },
                    "test_1_4.fas.gz:md5,504a2e587f1ae6f8733cf3d1ad384723"
                ],
                [
                    {
                        "id": "test",
                        "chunk": "1_5"
                    },
                    "test_1_5.fas.gz:md5,6a6de5a3272b0e3bfaa3e3db901d5932"
                ],
                [
                    {
                        "id": "test",
                        "chunk": "1_6"
                    },
                    "test_1_6.fas.gz:md5,6aacbcde6023ccacd29a4e39b9241610"
                ],
                [
                    {
                        "id": "test",
                        "chunk": "1_7"
                    },
                    "test_1_7.fas.gz:md5,33c7fd0013d76c3edb12127d0919f1b3"
                ],
                [
                    {
                        "id": "test",
                        "chunk": "1_8"
                    },
                    "test_1_8.fas.gz:md5,ff6b73a1d70762b5a53ba17fc456e6a9"
                ],
                [
                    {
                        "id": "test",
                        "chunk": "1_9"
                    },
                    "test_1_9.fas.gz:md5,6548591321bcdcafacd68b68fa7153e5"
                ]
            ],
            [
                [
                    {
                        "id": "test",
                        "chunk": "1_10"
                    },
                    "test_1_10.sto.gz:md5,d8164af9d2e942b5227d3f0772a384c8"
                ],
                [
                    {
                        "id": "test",
                        "chunk": "1_1"
                    },
                    "test_1_1.sto.gz:md5,d33c159913ecc31ce5f0c3bf8b305a89"
                ],
                [
                    {
                        "id": "test",
                        "chunk": "1_2"
                    },
                    "test_1_2.sto.gz:md5,79085de79f5623fc93fd5eb63e92a1eb"
                ],
                [
                    {
                        "id": "test",
                        "chunk": "1_3"
                    },
                    "test_1_3.sto.gz:md5,19e58a4817b9d03e5a817c0b5160c5f3"
                ],
                [
                    {
                        "id": "test",
                        "chunk": "1_4"
                    },
                    "test_1_4.sto.gz:md5,6d74833a402f6ff3643dfc86bda65e2d"
                ],
                [
                    {
                        "id": "test",
                        "chunk": "1_5"
                    },
                    "test_1_5.sto.gz:md5,5184a1002753440108ccc21b3413ce9e"
                ],
                [
                    {
                        "id": "test",
                        "chunk": "1_6"
                    },
                    "test_1_6.sto.gz:md5,7571d57fa1ac16f6956a4a357a7723cd"
                ],
                [
                    {
                        "id": "test",
                        "chunk": "1_7"
                    },
                    "test_1_7.sto.gz:md5,e16cb1888f0fe6559c30e00d4b806cc8"
                ],
                [
                    {
                        "id": "test",
                        "chunk": "1_8"
                    },
                    "test_1_8.sto.gz:md5,55bd11ab2b47a9fe5d4ea86efbac90b7"
                ],
                [
                    {
                        "id": "test",
                        "chunk": "1_9"
                    },
                    "test_1_9.sto.gz:md5,2a555a65c382e202a537c791ebb453b6"
                ]
            ],
            [
                [
                    {
                        "id": "test",
                        "chunk": "1_10"
                    },
                    "test_1_10.fasta.gz:md5,3814693bd15401da72819c482c42d136"
                ],
                [
                    {
                        "id": "test",
                        "chunk": "1_1"
                    },
                    "test_1_1.fasta.gz:md5,c47c3cae260c8d04739ba40551ee6649"
                ],
                [
                    {
                        "id": "test",
                        "chunk": "1_2"
                    },
                    "test_1_2.fasta.gz:md5,8084af050a3fe3fe1c160facccbcedbd"
                ],
                [
                    {
                        "id": "test",
                        "chunk": "1_3"
                    },
                    "test_1_3.fasta.gz:md5,4dfdf672e3c7daa3a04ea6a18bc78e1d"
                ],
                [
                    {
                        "id": "test",
                        "chunk": "1_4"
                    },
                    "test_1_4.fasta.gz:md5,a19968d8ff2f87e6f87de014b7106d2d"
                ],
                [
                    {
                        "id": "test",
                        "chunk": "1_5"
                    },
                    "test_1_5.fasta.gz:md5,65d9aa9c4cfb0dd7484489a9b120550a"
                ],
                [
                    {
                        "id": "test",
                        "chunk": "1_6"
                    },
                    "test_1_6.fasta.gz:md5,79cdbf70dee0f0f53f09c241eaeff1d2"
                ],
                [
                    {
                        "id": "test",
                        "chunk": "1_7"
                    },
                    "test_1_7.fasta.gz:md5,dc67399ce3a975de1fcd7291f3ce4844"
                ],
                [
                    {
                        "id": "test",
                        "chunk": "1_8"
                    },
                    "test_1_8.fasta.gz:md5,edbbcab49d1f12c4f4bb9897cc364c75"
                ],
                [
                    {
                        "id": "test",
                        "chunk": "1_9"
                    },
                    "test_1_9.fasta.gz:md5,1a35e599f0c5ad30d62789dbdbdfde8d"
                ]
            ],
            [
                "test_1_10.hmm.gz",
                "test_1_1.hmm.gz",
                "test_1_2.hmm.gz",
                "test_1_3.hmm.gz",
                "test_1_4.hmm.gz",
                "test_1_5.hmm.gz",
                "test_1_6.hmm.gz",
                "test_1_7.hmm.gz",
                "test_1_8.hmm.gz",
                "test_1_9.hmm.gz"
            ]
        ],
        "timestamp": "2026-09-29T13:20:47.874655448",
        "meta": {
            "nf-test": "0.9.5",
            "nextflow": "26.04.6"
        }
    }
}