{
    "faa - skip_sequence_redundancy_removal - skip_family_redundancy_removal - skip_family_merging": {
        "content": [
            [
                [
                    {
                        "id": "chunk",
                        "chunk": 1
                    },
                    "/nf-core/test-datasets/proteinfamilies/test_data/subworkflows/chunk_1.faa.gz"
                ],
                [
                    {
                        "id": "chunk",
                        "chunk": 2
                    },
                    "/nf-core/test-datasets/proteinfamilies/test_data/subworkflows/chunk_2.faa.gz"
                ],
                [
                    {
                        "id": "chunk",
                        "chunk": 3
                    },
                    "/nf-core/test-datasets/proteinfamilies/test_data/subworkflows/chunk_3.faa.gz"
                ]
            ],
            [
                [
                    {
                        "id": "chunk",
                        "chunk": 1
                    },
                    "chunk_1.fas.gz:md5,8ccd10b05b1d224b57df77dc2b1077ce"
                ],
                [
                    {
                        "id": "chunk",
                        "chunk": 2
                    },
                    "chunk_2.fas.gz:md5,eaf8104240fcfb46752ceabaf989b661"
                ],
                [
                    {
                        "id": "chunk",
                        "chunk": 3
                    },
                    "chunk_3.fas.gz:md5,20a3bf82ff5f93f8faf88170e75e9e59"
                ]
            ]
        ],
        "timestamp": "2026-09-03T11:35:12.635391897",
        "meta": {
            "nf-test": "0.9.5",
            "nextflow": "26.04.6"
        }
    },
    "faa - skip all but msa trimming": {
        "content": [
            [
                [
                    {
                        "id": "chunk",
                        "chunk": 1
                    },
                    "/nf-core/test-datasets/proteinfamilies/test_data/subworkflows/chunk_1.faa.gz"
                ],
                [
                    {
                        "id": "chunk",
                        "chunk": 2
                    },
                    "/nf-core/test-datasets/proteinfamilies/test_data/subworkflows/chunk_2.faa.gz"
                ],
                [
                    {
                        "id": "chunk",
                        "chunk": 3
                    },
                    "/nf-core/test-datasets/proteinfamilies/test_data/subworkflows/chunk_3.faa.gz"
                ]
            ],
            [
                [
                    {
                        "id": "chunk",
                        "chunk": 1
                    },
                    "/nf-core/test-datasets/proteinfamilies/test_data/subworkflows/chunk_1.clipkit"
                ],
                [
                    {
                        "id": "chunk",
                        "chunk": 2
                    },
                    "/nf-core/test-datasets/proteinfamilies/test_data/subworkflows/chunk_2.clipkit"
                ],
                [
                    {
                        "id": "chunk",
                        "chunk": 3
                    },
                    "/nf-core/test-datasets/proteinfamilies/test_data/subworkflows/chunk_3.clipkit"
                ]
            ]
        ],
        "timestamp": "2026-09-03T11:34:51.880008122",
        "meta": {
            "nf-test": "0.9.5",
            "nextflow": "26.04.6"
        }
    },
    "faa - skip none - stub": {
        "content": [
            [
                [
                    {
                        "id": "chunk",
                        "chunk": "1"
                    },
                    "chunk_1.faa:md5,d41d8cd98f00b204e9800998ecf8427e"
                ]
            ],
            [
                [
                    {
                        "id": "chunk",
                        "chunk": "1"
                    },
                    "chunk_1.aln:md5,d41d8cd98f00b204e9800998ecf8427e"
                ]
            ]
        ],
        "timestamp": "2026-06-08T16:40:49.095822433",
        "meta": {
            "nf-test": "0.9.5",
            "nextflow": "26.04.3"
        }
    },
    "faa - skip_sequence_redundancy_removal - skip_family_merging": {
        "content": [
            [
                [
                    {
                        "id": "chunk",
                        "chunk": "1"
                    },
                    "chunk_1.faa.gz:md5,7ae62909eb81f92c331b2048a8ac34d3"
                ],
                [
                    {
                        "id": "chunk",
                        "chunk": "2"
                    },
                    "chunk_2.faa.gz:md5,40cd2c9c2ff618bb1d0ed29852499db8"
                ]
            ],
            [
                [
                    {
                        "id": "chunk",
                        "chunk": "1"
                    },
                    "chunk_1.fas.gz:md5,8ccd10b05b1d224b57df77dc2b1077ce"
                ],
                [
                    {
                        "id": "chunk",
                        "chunk": "2"
                    },
                    "chunk_2.fas.gz:md5,eaf8104240fcfb46752ceabaf989b661"
                ]
            ]
        ],
        "timestamp": "2026-06-08T16:40:00.978024774",
        "meta": {
            "nf-test": "0.9.5",
            "nextflow": "26.04.3"
        }
    },
    "faa - skip_sequence_redundancy_removal": {
        "content": [
            [
                [
                    {
                        "id": "chunk",
                        "chunk": "1"
                    },
                    "chunk_1.faa.gz:md5,7ae62909eb81f92c331b2048a8ac34d3"
                ],
                [
                    {
                        "id": "chunk",
                        "chunk": "2"
                    },
                    "chunk_2.faa.gz:md5,40cd2c9c2ff618bb1d0ed29852499db8"
                ]
            ],
            [
                [
                    {
                        "id": "chunk",
                        "chunk": "1"
                    },
                    "chunk_1.fas.gz:md5,8ccd10b05b1d224b57df77dc2b1077ce"
                ],
                [
                    {
                        "id": "chunk",
                        "chunk": "2"
                    },
                    "chunk_2.fas.gz:md5,eaf8104240fcfb46752ceabaf989b661"
                ]
            ]
        ],
        "timestamp": "2026-06-08T16:39:21.662998826",
        "meta": {
            "nf-test": "0.9.5",
            "nextflow": "26.04.3"
        }
    },
    "faa - skip none": {
        "content": [
            [
                [
                    {
                        "id": "chunk",
                        "chunk": "1"
                    },
                    "chunk_1.faa:md5,6a54d12b222346b1df685867c0bdd151"
                ],
                [
                    {
                        "id": "chunk",
                        "chunk": "2"
                    },
                    "chunk_2.faa:md5,ebcda473387ebd3d1cdeb7179d4915d2"
                ]
            ],
            [
                [
                    {
                        "id": "chunk",
                        "chunk": "1"
                    },
                    "chunk_1.aln:md5,eb65c919dd074c6c25420163675de2c4"
                ],
                [
                    {
                        "id": "chunk",
                        "chunk": "2"
                    },
                    "chunk_2.aln:md5,ed2a2cbbb5f207f44ddef4781cd75ff7"
                ]
            ]
        ],
        "timestamp": "2026-06-08T16:38:33.27249663",
        "meta": {
            "nf-test": "0.9.5",
            "nextflow": "26.04.3"
        }
    },
    "faa - skip_sequence_redundancy_removal - skip_family_redundancy_removal": {
        "content": [
            [
                [
                    {
                        "id": "chunk",
                        "chunk": "1"
                    },
                    "chunk_1.faa.gz:md5,7ae62909eb81f92c331b2048a8ac34d3"
                ],
                [
                    {
                        "id": "chunk",
                        "chunk": "2"
                    },
                    "chunk_2.faa.gz:md5,40cd2c9c2ff618bb1d0ed29852499db8"
                ]
            ],
            [
                [
                    {
                        "id": "chunk",
                        "chunk": "1"
                    },
                    "chunk_1.fas.gz:md5,8ccd10b05b1d224b57df77dc2b1077ce"
                ],
                [
                    {
                        "id": "chunk",
                        "chunk": "2"
                    },
                    "chunk_2.fas.gz:md5,eaf8104240fcfb46752ceabaf989b661"
                ]
            ]
        ],
        "timestamp": "2026-06-08T16:39:42.409106568",
        "meta": {
            "nf-test": "0.9.5",
            "nextflow": "26.04.3"
        }
    },
    "faa - skip_family_merging": {
        "content": [
            [
                [
                    {
                        "id": "chunk",
                        "chunk": "1"
                    },
                    "chunk_1.faa:md5,6a54d12b222346b1df685867c0bdd151"
                ],
                [
                    {
                        "id": "chunk",
                        "chunk": "2"
                    },
                    "chunk_2.faa:md5,ebcda473387ebd3d1cdeb7179d4915d2"
                ]
            ],
            [
                [
                    {
                        "id": "chunk",
                        "chunk": "1"
                    },
                    "chunk_1.aln:md5,eb65c919dd074c6c25420163675de2c4"
                ],
                [
                    {
                        "id": "chunk",
                        "chunk": "2"
                    },
                    "chunk_2.aln:md5,ed2a2cbbb5f207f44ddef4781cd75ff7"
                ]
            ]
        ],
        "timestamp": "2026-06-08T16:38:58.926350332",
        "meta": {
            "nf-test": "0.9.5",
            "nextflow": "26.04.3"
        }
    }
}